../Core/Src/main.c:118:6:HAL_UART_RxCpltCallback	16	static
../Core/Src/main.c:125:6:HAL_TIM_PeriodElapsedCallback	16	static
../Core/Src/main.c:135:6:uart	8	static
../Core/Src/main.c:153:6:DecodeQT	8	static
../Core/Src/main.c:211:6:DecodeCommands	16	static
../Core/Src/main.c:232:6:SendData	24	static
../Core/Src/main.c:294:5:main	8	static
../Core/Src/main.c:368:6:SystemClock_Config	88	static
../Core/Src/main.c:415:13:MX_TIM3_Init	32	static
../Core/Src/main.c:460:13:MX_USART2_UART_Init	8	static
../Core/Src/main.c:491:13:MX_DMA_Init	16	static
../Core/Src/main.c:512:13:MX_GPIO_Init	48	static
../Core/Src/main.c:552:6:Error_Handler	4	static,ignoring_inline_asm
