../Core/Src/main.c:117:6:HAL_UART_RxCpltCallback	16	static
../Core/Src/main.c:124:6:HAL_TIM_PeriodElapsedCallback	16	static
../Core/Src/main.c:133:6:uart	4	static
../Core/Src/main.c:149:6:DecodeQT	8	static
../Core/Src/main.c:207:6:DecodeCommands	16	static
../Core/Src/main.c:228:6:SendData	24	static
../Core/Src/main.c:290:5:main	8	static
../Core/Src/main.c:355:6:SystemClock_Config	88	static
../Core/Src/main.c:402:13:MX_TIM3_Init	32	static
../Core/Src/main.c:447:13:MX_USART2_UART_Init	8	static
../Core/Src/main.c:478:13:MX_DMA_Init	16	static
../Core/Src/main.c:499:13:MX_GPIO_Init	48	static
../Core/Src/main.c:539:6:Error_Handler	4	static,ignoring_inline_asm
